core/adj2.cpp 9
core/aniparse.cpp 2
core/arrayplot.cpp 2
core/auto_nox.cpp 20
core/autox_io.cpp 6
core/browse_data.cpp 13
core/commands.cpp 6
core/csv_export.cpp 4
core/cvband.cpp 2
core/cvdense.cpp 1
core/cvode.cpp 38
core/dae_fun.cpp 6
core/del_stab.cpp 1
core/delay_handle.cpp 1
core/derived.cpp 1
core/diagram.cpp 1
core/do_fit.cpp 11
core/form_ode.cpp 33
core/gear.cpp 2
core/graf_par.cpp 4
core/histogram.cpp 11
core/integrate.cpp 13
core/json_ani.cpp 1
core/json_auto.cpp 11
core/json_player.cpp 16
core/json_record.cpp 6
core/json_state.cpp 13
core/json_windows.cpp 6
core/load_eqn.cpp 2
core/lunch-new.cpp 2
core/markov.cpp 4
core/model_options.cpp 1
core/model_switch.cpp 3
core/my_ps.cpp 1
core/my_svg.cpp 1
core/nullcline.cpp 3
core/numerics.cpp 4
core/numerics_settings.cpp 1
core/ode_read.cpp 9
core/odex_convert.cpp 6
core/pp_shoot.cpp 10
core/simplenet.cpp 19
core/storage.cpp 1
core/tabular.cpp 12
core/torus.cpp 1
core/ui_json.cpp 8
core/volterra2.cpp 2
core/xpp_http.cpp 1
core/xpp_io.cpp 6
core/xpp_math.cpp 1
core/xpp_mem.cpp 2
core/xpp_session.cpp 10
core/xpp_util.cpp 3
core/xppautx_main.cpp 4
