core/aniparse.cpp 6
core/arrayplot.cpp 8
core/axes2.cpp 3
core/colormap.cpp 3
core/comline.cpp 7
core/commands.cpp 1
core/form_ode.cpp 4
core/graphics.cpp 18
core/grobs.cpp 2
core/my_ps.cpp 9
core/my_svg.cpp 1
core/ui_json.cpp 1
core/userbut.cpp 2
core/xpp_batch.cpp 1
core/xpp_globals.cpp 1
core/xpp_log.cpp 1
core/xpp_ui.cpp 2
