core/adj2.cpp 1
core/aniparse.cpp 6
core/arrayplot.cpp 8
core/autevd.cpp 2
core/autlib1.cpp 4
core/auto_nox.cpp 40
core/axes2.cpp 3
core/browse_data.cpp 1
core/colormap.cpp 3
core/comline.cpp 8
core/commands.cpp 2
core/delay_handle.cpp 9
core/flags.cpp 1
core/form_ode.cpp 8
core/gear.cpp 5
core/gogoauto.cpp 3
core/graf_par.cpp 2
core/graphics.cpp 18
core/grobs.cpp 2
core/histogram.cpp 12
core/integrate.cpp 9
core/load_eqn.cpp 73
core/markov.cpp 6
core/my_ps.cpp 9
core/my_svg.cpp 1
core/nullcline.cpp 11
core/numerics.cpp 3
core/odesol2.cpp 1
core/parserslow2.cpp 8
core/setubv2.cpp 1
core/storage.cpp 4
core/tabular.cpp 1
core/ui_json.cpp 1
core/userbut.cpp 2
core/volterra2.cpp 1
core/xpp_batch.cpp 1
core/xpp_globals.cpp 1
core/xpp_log.cpp 1
core/xpp_ui.cpp 2
core/xpp_util.cpp 1
