core/adj2.cpp 12
core/aniparse.cpp 7
core/arrayplot.cpp 8
core/autevd.cpp 2
core/autlib1.cpp 5
core/auto_nox.cpp 60
core/axes2.cpp 3
core/browse_data.cpp 3
core/colormap.cpp 4
core/comline.cpp 15
core/commands.cpp 3
core/cv2.cpp 4
core/dae_fun.cpp 5
core/delay_handle.cpp 11
core/derived.cpp 1
core/flags.cpp 2
core/form_ode.cpp 29
core/gear.cpp 8
core/gogoauto.cpp 3
core/graf_par.cpp 8
core/graphics.cpp 22
core/grobs.cpp 2
core/histogram.cpp 13
core/integrate.cpp 14
core/load_eqn.cpp 82
core/lunch-new.cpp 1
core/markov.cpp 9
core/menus.cpp 35
core/my_ps.cpp 10
core/my_svg.cpp 1
core/nullcline.cpp 17
core/numerics.cpp 3
core/odesol2.cpp 8
core/parserslow2.cpp 26
core/setubv2.cpp 1
core/simplenet.cpp 4
core/storage.cpp 4
core/tabular.cpp 1
core/ui_json.cpp 1
core/userbut.cpp 3
core/volterra2.cpp 3
core/xpp_batch.cpp 1
core/xpp_globals.cpp 1
core/xpp_log.cpp 1
core/xpp_ui.cpp 2
core/xpp_util.cpp 1
core/xppautx_main.cpp 2
