core/adj2.cpp buffers 8
core/adj2.cpp casts 25
core/adj2.cpp files 2
core/adj2.cpp memory 35
core/adj2.cpp text 11
core/ani_data.cpp buffers 4
core/aniparse.cpp buffers 15
core/aniparse.cpp casts 39
core/aniparse.cpp files 5
core/aniparse.cpp memory 32
core/aniparse.cpp text 8
core/aniparse.h buffers 5
core/aniparse_avi.h buffers 2
core/array_print.cpp buffers 2
core/array_print.cpp casts 53
core/array_print.cpp files 2
core/array_print.cpp text 50
core/arrayplot.cpp buffers 7
core/arrayplot.cpp files 2
core/arrayplot.cpp text 25
core/arrayplot.h buffers 3
core/autevd.cpp casts 10
core/autevd.cpp memory 2
core/autlib1.cpp buffers 6
core/autlib1.cpp casts 83
core/autlib1.cpp files 2
core/autlib1.cpp memory 169
core/autlib1.cpp text 228
core/autlib2.cpp casts 66
core/autlib2.cpp memory 102
core/autlib2.cpp text 31
core/autlib3.cpp casts 65
core/autlib3.cpp memory 160
core/autlib4.cpp casts 9
core/autlib4.cpp memory 18
core/autlib4.cpp text 24
core/autlib5.cpp casts 69
core/autlib5.cpp memory 180
core/autlib5.cpp text 9
core/auto_data.cpp buffers 2
core/auto_f2c.h casts 2
core/auto_nox.cpp buffers 49
core/auto_nox.cpp casts 70
core/auto_nox.cpp files 21
core/auto_nox.cpp memory 12
core/auto_nox.cpp text 111
core/auto_nox.h buffers 1
core/auto_settings.cpp buffers 4
core/auto_settings.cpp text 7
core/auto_settings.h buffers 3
core/axes2.cpp buffers 10
core/axes2.cpp casts 21
core/axes2.cpp text 28
core/band.cpp casts 3
core/band.cpp memory 10
core/browse.h buffers 1
core/browse_data.cpp buffers 8
core/browse_data.cpp casts 21
core/browse_data.cpp files 7
core/browse_data.cpp memory 8
core/browse_data.cpp text 22
core/colormap.cpp casts 29
core/comline.cpp buffers 10
core/comline.cpp casts 3
core/comline.cpp files 5
core/comline.cpp memory 1
core/comline.cpp text 11
core/commands.cpp buffers 4
core/commands.cpp casts 6
core/commands.cpp memory 2
core/commands.cpp text 3
core/conpar2.cpp casts 6
core/csv_export.cpp buffers 2
core/csv_export.cpp text 10
core/cv2.cpp buffers 1
core/cv2.cpp text 11
core/cvband.cpp casts 3
core/cvband.cpp memory 2
core/cvband.cpp text 5
core/cvdense.cpp memory 2
core/cvdense.cpp text 4
core/cvode.cpp casts 9
core/cvode.cpp memory 4
core/cvode.cpp text 38
core/dae_fun.cpp buffers 2
core/dae_fun.cpp casts 6
core/dae_fun.cpp memory 6
core/dae_fun.cpp text 3
core/del_stab.cpp casts 5
core/del_stab.cpp memory 10
core/delay_handle.cpp buffers 1
core/delay_handle.cpp casts 5
core/delay_handle.cpp memory 6
core/dense.cpp casts 3
core/dense.cpp memory 10
core/derived.cpp casts 2
core/derived.cpp memory 2
core/derived.cpp text 1
core/diagram.cpp buffers 5
core/diagram.cpp casts 1
core/diagram.cpp memory 17
core/diagram.cpp text 19
core/do_fit.cpp buffers 2
core/do_fit.cpp casts 9
core/do_fit.cpp files 5
core/do_fit.cpp memory 34
core/do_fit.cpp text 19
core/do_fit.h buffers 3
core/dormpri.cpp casts 4
core/dormpri.cpp memory 4
core/dormpri.cpp text 32
core/edit_rhs.cpp buffers 6
core/edit_rhs.cpp casts 13
core/edit_rhs.cpp files 2
core/edit_rhs.cpp memory 26
core/edit_rhs.cpp text 29
core/eispack.cpp casts 37
core/extra.cpp buffers 8
core/extra.cpp casts 6
core/extra.cpp memory 16
core/extra.cpp text 5
core/f2c_helpers.cpp casts 2
core/fftn.cpp casts 7
core/fftn.cpp memory 15
core/flags.cpp buffers 3
core/flags.cpp casts 4
core/flags.cpp memory 4
core/flags.cpp text 3
core/form_ode.cpp buffers 39
core/form_ode.cpp casts 39
core/form_ode.cpp files 14
core/form_ode.cpp memory 40
core/form_ode.cpp text 71
core/form_ode.h buffers 3
core/gear.cpp buffers 1
core/gear.cpp casts 13
core/gear.cpp files 4
core/gear.cpp memory 8
core/gear.cpp text 2
core/gogoauto.cpp buffers 1
core/gogoauto.cpp files 10
core/gogoauto.cpp memory 2
core/graf_par.cpp buffers 22
core/graf_par.cpp casts 12
core/graf_par.cpp files 8
core/graf_par.cpp memory 12
core/graf_par.cpp text 66
core/graf_par.h buffers 3
core/graphics.cpp buffers 3
core/graphics.cpp casts 37
core/graphics.cpp text 2
core/grobs.cpp buffers 6
core/histogram.cpp buffers 4
core/histogram.cpp casts 61
core/histogram.cpp memory 77
core/histogram.cpp text 3
core/integrate.cpp buffers 23
core/integrate.cpp casts 53
core/integrate.cpp files 12
core/integrate.cpp memory 3
core/integrate.cpp text 63
core/integrate.h buffers 1
core/json_ani.cpp buffers 2
core/json_ani.cpp casts 9
core/json_ani.cpp files 2
core/json_ani.cpp memory 2
core/json_auto.cpp buffers 7
core/json_auto.cpp casts 14
core/json_auto.cpp memory 5
core/json_auto.cpp text 6
core/json_io.cpp buffers 3
core/json_io.cpp casts 4
core/json_io.cpp memory 3
core/json_prompts.cpp buffers 10
core/json_prompts.cpp casts 12
core/json_prompts.cpp memory 5
core/json_state.cpp buffers 9
core/json_state.cpp casts 15
core/json_state.cpp memory 6
core/json_windows.cpp buffers 8
core/json_windows.cpp casts 27
core/json_windows.cpp files 8
core/json_windows.cpp memory 11
core/json_windows.cpp text 3
core/kbs.h buffers 1
core/llnlmath.cpp casts 5
core/load_eqn.cpp buffers 26
core/load_eqn.cpp casts 5
core/load_eqn.cpp files 15
core/load_eqn.cpp memory 7
core/load_eqn.cpp text 24
core/load_eqn.h buffers 1
core/lunch-new.cpp buffers 12
core/lunch-new.cpp casts 3
core/lunch-new.cpp files 9
core/lunch-new.cpp text 57
core/macsysdirent.h buffers 2
core/markov.cpp buffers 4
core/markov.cpp casts 13
core/markov.cpp files 1
core/markov.cpp memory 16
core/markov.cpp text 6
core/marks_data.cpp buffers 3
core/marks_data.cpp memory 1
core/menus.cpp buffers 3
core/menus.h buffers 3
core/my_ps.cpp buffers 2
core/my_ps.cpp casts 3
core/my_ps.cpp files 2
core/my_ps.cpp text 51
core/my_svg.cpp buffers 5
core/my_svg.cpp casts 7
core/my_svg.cpp text 224
core/newpars.h buffers 1
core/nullcline.cpp buffers 4
core/nullcline.cpp casts 68
core/nullcline.cpp files 8
core/nullcline.cpp memory 26
core/nullcline.cpp text 24
core/numerics.cpp buffers 6
core/numerics.cpp casts 3
core/numerics.cpp files 6
core/numerics.cpp text 7
core/parserslow.h buffers 4
core/parserslow2.cpp buffers 10
core/parserslow2.cpp casts 41
core/parserslow2.cpp memory 7
core/parserslow2.cpp text 9
core/phase_data.cpp buffers 2
core/phase_data.cpp memory 1
core/phsplan.h buffers 1
core/plot_data.cpp buffers 3
core/plot_data.cpp memory 1
core/pop_list.h buffers 2
core/pp_shoot.cpp buffers 7
core/pp_shoot.cpp casts 9
core/pp_shoot.cpp memory 10
core/pp_shoot.cpp text 12
core/read_dir.cpp buffers 2
core/read_dir.cpp casts 4
core/read_dir.cpp memory 8
core/read_dir.cpp text 5
core/scrngif.cpp casts 4
core/scrngif.cpp memory 12
core/series_enc.cpp buffers 5
core/series_enc.cpp memory 1
core/setubv2.cpp casts 41
core/setubv2.cpp memory 74
core/simplenet.cpp buffers 11
core/simplenet.cpp casts 28
core/simplenet.cpp memory 20
core/simplenet.cpp text 41
core/storage.cpp casts 5
core/storage.cpp memory 7
core/struct.h buffers 18
core/tabular.cpp buffers 7
core/tabular.cpp casts 12
core/tabular.cpp files 17
core/tabular.cpp memory 8
core/tabular.cpp text 6
core/torus.cpp buffers 1
core/ui_json.cpp buffers 10
core/ui_json.cpp casts 6
core/ui_json.cpp memory 3
core/ui_json_internal.h buffers 1
core/userbut.cpp buffers 1
core/userbut.cpp text 1
core/userbut.h buffers 1
core/vector.cpp casts 2
core/vector.cpp memory 5
core/vector.h casts 1
core/vector.h memory 2
core/volterra.h buffers 1
core/volterra2.cpp casts 6
core/volterra2.cpp memory 10
core/worker2.cpp casts 4
core/xpp_batch.cpp buffers 2
core/xpp_batch.cpp casts 2
core/xpp_batch.cpp memory 2
core/xpp_batch.cpp text 2
core/xpp_batch.h buffers 2
core/xpp_files.cpp buffers 11
core/xpp_files.cpp files 5
core/xpp_files.cpp memory 1
core/xpp_files.h buffers 1
core/xpp_http.cpp buffers 22
core/xpp_http.cpp casts 57
core/xpp_http.cpp files 4
core/xpp_http.cpp memory 19
core/xpp_http.cpp text 4
core/xpp_inbox.cpp casts 7
core/xpp_inbox.cpp files 3
core/xpp_inbox.cpp memory 5
core/xpp_io.cpp buffers 3
core/xpp_io.cpp casts 1
core/xpp_io.cpp files 10
core/xpp_io.cpp text 2
core/xpp_io.h buffers 1
core/xpp_io.h casts 1
core/xpp_io.h text 6
core/xpp_log.cpp text 2
core/xpp_mem.cpp buffers 2
core/xpp_mem.cpp casts 1
core/xpp_mem.cpp memory 1
core/xpp_mem.h memory 5
core/xpp_session.cpp buffers 5
core/xpp_session.cpp casts 1
core/xpp_session.cpp files 11
core/xpp_sha256.cpp buffers 3
core/xpp_sha256.h buffers 2
core/xpp_ui.cpp buffers 5
core/xpp_ui.cpp casts 104
core/xpp_ui.cpp text 2
core/xpp_ui.h buffers 3
core/xpp_util.cpp buffers 14
core/xpp_util.cpp casts 8
core/xpp_util.cpp files 3
core/xpp_util.cpp memory 3
core/xpp_util.cpp text 28
core/xpp_win32.cpp buffers 6
core/xpp_win32.cpp casts 14
core/xpp_win32.cpp files 1
core/xpp_win32.cpp memory 2
core/xpp_win32.cpp text 1
core/xpp_window.cpp buffers 3
core/xpp_window.cpp casts 5
core/xpp_window_hint.cpp text 2
core/xpp_window_loader.cpp buffers 3
core/xppautx_main.cpp buffers 7
core/xppautx_main.cpp text 2
