core/adj2.cpp buffers 3
core/adj2.cpp memory 21
core/adj2.cpp text 10
core/ani_data.cpp buffers 4
core/aniparse.cpp buffers 15
core/aniparse.cpp casts 39
core/aniparse.cpp files 5
core/aniparse.cpp memory 32
core/aniparse.cpp text 8
core/aniparse.h buffers 5
core/aniparse_avi.h buffers 2
core/array_print.cpp buffers 2
core/array_print.cpp casts 53
core/array_print.cpp files 2
core/array_print.cpp text 50
core/arrayplot.cpp buffers 7
core/arrayplot.cpp files 2
core/arrayplot.cpp text 25
core/arrayplot.h buffers 3
core/autlib1.cpp buffers 2
core/autlib1.cpp files 2
core/autlib1.cpp memory 1
core/auto_data.cpp buffers 2
core/auto_f2c.h casts 2
core/auto_nox.cpp buffers 26
core/auto_nox.cpp casts 1
core/auto_nox.cpp files 21
core/auto_nox.cpp text 76
core/auto_nox.h buffers 1
core/auto_settings.cpp buffers 4
core/auto_settings.cpp text 7
core/auto_settings.h buffers 3
core/axes2.cpp buffers 10
core/axes2.cpp casts 21
core/axes2.cpp text 28
core/band.cpp memory 8
core/browse.h buffers 1
core/browse_data.cpp buffers 8
core/browse_data.cpp casts 21
core/browse_data.cpp files 7
core/browse_data.cpp memory 8
core/browse_data.cpp text 22
core/colormap.cpp casts 29
core/comline.cpp buffers 1
core/comline.cpp files 2
core/commands.cpp buffers 4
core/commands.cpp casts 6
core/commands.cpp memory 2
core/commands.cpp text 3
core/csv_export.cpp buffers 2
core/csv_export.cpp text 10
core/cvband.cpp memory 2
core/cvdense.cpp memory 2
core/cvode.cpp memory 4
core/dae_fun.cpp buffers 2
core/dae_fun.cpp text 2
core/delay_handle.cpp buffers 1
core/delay_handle.cpp memory 2
core/dense.cpp memory 8
core/diagram.cpp buffers 5
core/diagram.cpp memory 17
core/diagram.cpp text 5
core/do_fit.cpp buffers 1
core/edit_rhs.cpp buffers 3
core/edit_rhs.cpp memory 2
core/edit_rhs.cpp text 1
core/extra.cpp buffers 1
core/fftn.cpp casts 7
core/fftn.cpp memory 15
core/flags.cpp buffers 1
core/form_ode.cpp buffers 20
core/form_ode.cpp files 13
core/form_ode.cpp memory 24
core/form_ode.cpp text 12
core/form_ode.h buffers 3
core/gogoauto.cpp buffers 1
core/gogoauto.cpp files 10
core/graf_par.cpp buffers 22
core/graf_par.cpp casts 12
core/graf_par.cpp files 8
core/graf_par.cpp memory 12
core/graf_par.cpp text 66
core/graf_par.h buffers 3
core/graphics.cpp buffers 3
core/graphics.cpp casts 37
core/graphics.cpp text 2
core/grobs.cpp buffers 6
core/histogram.cpp buffers 4
core/histogram.cpp casts 61
core/histogram.cpp memory 77
core/histogram.cpp text 3
core/integrate.cpp buffers 23
core/integrate.cpp casts 53
core/integrate.cpp files 12
core/integrate.cpp memory 3
core/integrate.cpp text 63
core/integrate.h buffers 1
core/json_auto.cpp text 1
core/json_prompts.cpp buffers 2
core/json_state.cpp buffers 1
core/json_windows.cpp buffers 1
core/json_windows.cpp files 2
core/kbs.h buffers 1
core/load_eqn.cpp buffers 7
core/load_eqn.cpp files 6
core/load_eqn.cpp memory 2
core/load_eqn.h buffers 1
core/lunch-new.cpp buffers 2
core/lunch-new.cpp files 3
core/lunch-new.cpp text 1
core/macsysdirent.h buffers 2
core/markov.cpp memory 5
core/marks_data.cpp buffers 3
core/marks_data.cpp memory 1
core/menus.cpp buffers 3
core/menus.h buffers 3
core/my_ps.cpp buffers 2
core/my_ps.cpp casts 3
core/my_ps.cpp files 2
core/my_ps.cpp text 51
core/my_svg.cpp buffers 5
core/my_svg.cpp casts 7
core/my_svg.cpp text 224
core/newpars.h buffers 1
core/nullcline.cpp buffers 4
core/nullcline.cpp casts 68
core/nullcline.cpp files 8
core/nullcline.cpp memory 26
core/nullcline.cpp text 24
core/numerics.cpp buffers 1
core/parserslow.h buffers 4
core/parserslow2.cpp buffers 3
core/parserslow2.cpp memory 7
core/parserslow2.cpp text 2
core/phase_data.cpp buffers 2
core/phase_data.cpp memory 1
core/phsplan.h buffers 1
core/plot_data.cpp buffers 3
core/plot_data.cpp memory 1
core/pop_list.h buffers 2
core/pp_shoot.cpp buffers 5
core/pp_shoot.cpp text 1
core/read_dir.cpp buffers 1
core/read_dir.cpp memory 6
core/read_dir.cpp text 1
core/scrngif.cpp casts 4
core/scrngif.cpp memory 12
core/series_enc.cpp buffers 5
core/series_enc.cpp memory 1
core/simplenet.cpp buffers 1
core/storage.cpp memory 7
core/struct.h buffers 18
core/tabular.cpp buffers 2
core/tabular.cpp memory 7
core/tabular.cpp text 6
core/torus.cpp buffers 1
core/ui_json.cpp buffers 1
core/ui_json_internal.h buffers 1
core/userbut.cpp buffers 1
core/userbut.cpp text 1
core/userbut.h buffers 1
core/vector.cpp memory 4
core/vector.h memory 2
core/volterra.h buffers 1
core/volterra2.cpp memory 8
core/xpp_batch.cpp buffers 1
core/xpp_batch.h buffers 2
core/xpp_files.cpp buffers 1
core/xpp_files.cpp files 1
core/xpp_files.cpp memory 1
core/xpp_files.h buffers 1
core/xpp_inbox.cpp files 1
core/xpp_inbox.cpp memory 1
core/xpp_io.cpp files 4
core/xpp_io.cpp text 2
core/xpp_io.h casts 1
core/xpp_io.h files 1
core/xpp_io.h text 6
core/xpp_log.cpp text 2
core/xpp_mem.cpp memory 1
core/xpp_mem.h memory 6
core/xpp_session.cpp buffers 1
core/xpp_session.cpp files 3
core/xpp_sha256.cpp buffers 1
core/xpp_sha256.h buffers 2
core/xpp_ui.cpp buffers 5
core/xpp_ui.cpp casts 104
core/xpp_ui.cpp text 2
core/xpp_ui.h buffers 3
core/xpp_util.cpp buffers 4
core/xpp_util.cpp memory 2
core/xpp_util.cpp text 4
core/xpp_win32.cpp memory 1
core/xpp_window.cpp buffers 1
core/xpp_window_hint.cpp text 2
core/xpp_window_loader.cpp buffers 1
core/xppautx_main.cpp buffers 1
