core/adj2.cpp text 3
core/autlib1.cpp buffers 1
core/auto_nox.cpp text 2
core/browse_data.cpp memory 1
core/form_ode.cpp buffers 2
core/form_ode.cpp text 2
core/form_ode.h buffers 2
core/integrate.cpp text 5
core/integrate.h buffers 1
core/kbs.h buffers 1
core/load_eqn.cpp buffers 2
core/load_eqn.cpp files 1
core/load_eqn.h buffers 2
core/lunch-new.cpp text 1
core/parserslow.h buffers 2
core/parserslow2.cpp buffers 1
core/pp_shoot.cpp text 2
core/series_enc.cpp memory 1
core/struct.h buffers 3
core/tabular.cpp memory 2
core/userbut.h buffers 1
core/xpp_files.cpp files 3
core/xpp_files_dir.cpp files 1
core/xpp_io.cpp files 1
core/xpp_io.cpp text 2
core/xpp_io.h casts 1
core/xpp_io.h files 1
core/xpp_io.h text 6
core/xpp_log.cpp text 2
core/xpp_mem.cpp memory 1
core/xpp_mem.h memory 6
core/xpp_util.cpp text 1
core/xpp_window.cpp buffers 1
core/xpp_window_loader.cpp buffers 1
